../Application/User/Hardware/ov5640.c:30:6:OV5640_DMA_Init	16	static
../Application/User/Hardware/ov5640.c:61:6:OV5640_Delay	24	static
../Application/User/Hardware/ov5640.c:78:8:DCMI_OV5640_Init	16	static
../Application/User/Hardware/ov5640.c:121:6:OV5640_DMA_Transmit_Continuous	16	static
../Application/User/Hardware/ov5640.c:148:6:OV5640_DMA_Transmit_Snapshot	16	static
../Application/User/Hardware/ov5640.c:167:6:OV5640_DCMI_Suspend	8	static
../Application/User/Hardware/ov5640.c:182:7:OV5640_DCMI_Resume	4	static
../Application/User/Hardware/ov5640.c:194:7:OV5640_DCMI_Stop	8	static
../Application/User/Hardware/ov5640.c:213:8:OV5640_DCMI_Crop	40	static
../Application/User/Hardware/ov5640.c:254:6:OV5640_Reset	8	static
../Application/User/Hardware/ov5640.c:279:10:OV5640_ReadID	16	static
../Application/User/Hardware/ov5640.c:298:6:OV5640_Config	16	static
../Application/User/Hardware/ov5640.c:329:6:OV5640_Set_Pixformat	24	static
../Application/User/Hardware/ov5640.c:379:6:OV5640_Set_JPEG_QuantizationScale	16	static
../Application/User/Hardware/ov5640.c:397:8:OV5640_Set_Framesize	16	static
../Application/User/Hardware/ov5640.c:421:8:OV5640_Set_Horizontal_Mirror	24	static
../Application/User/Hardware/ov5640.c:447:8:OV5640_Set_Vertical_Flip	24	static
../Application/User/Hardware/ov5640.c:476:6:OV5640_Set_Brightness	16	static
../Application/User/Hardware/ov5640.c:497:6:OV5640_Set_Contrast	16	static
../Application/User/Hardware/ov5640.c:519:6:OV5640_Set_Effect	16	static
../Application/User/Hardware/ov5640.c:541:8:OV5640_AF_Download_Firmware	16	static
../Application/User/Hardware/ov5640.c:583:8:OV5640_AF_QueryStatus	16	static
../Application/User/Hardware/ov5640.c:613:6:OV5640_AF_Trigger_Constant	8	static
../Application/User/Hardware/ov5640.c:627:6:OV5640_AF_Trigger_Single	8	static
../Application/User/Hardware/ov5640.c:639:6:OV5640_AF_Release	8	static
../Application/User/Hardware/ov5640.c:652:6:HAL_DCMI_FrameEventCallback	16	static
../Application/User/Hardware/ov5640.c:680:7:HAL_DCMI_ErrorCallback	16	static
