../../Middlewares/ST/touchgfx/framework/include/touchgfx/events/ClickEvent.hpp:123:20:touchgfx::ClickEvent::ClickEventType touchgfx::ClickEvent::getType() const	16	static
../../Middlewares/ST/touchgfx/framework/include/touchgfx/Drawable.hpp:121:18:virtual void touchgfx::Drawable::invalidateContent() const	16	static
../../Middlewares/ST/touchgfx/framework/include/touchgfx/Drawable.hpp:315:18:virtual void touchgfx::Drawable::setX(int16_t)	16	static
../../Middlewares/ST/touchgfx/framework/include/touchgfx/Drawable.hpp:327:18:virtual void touchgfx::Drawable::setY(int16_t)	16	static
../../Middlewares/ST/touchgfx/framework/include/touchgfx/Drawable.hpp:356:18:virtual void touchgfx::Drawable::setWidth(int16_t)	16	static
../../Middlewares/ST/touchgfx/framework/include/touchgfx/Drawable.hpp:368:18:virtual void touchgfx::Drawable::setHeight(int16_t)	16	static
../../Middlewares/ST/touchgfx/framework/include/touchgfx/Drawable.hpp:378:18:virtual void touchgfx::Drawable::childGeometryChanged()	16	static
../../Middlewares/ST/touchgfx/framework/include/touchgfx/Drawable.hpp:401:18:virtual void touchgfx::Drawable::handleGestureEvent(const touchgfx::GestureEvent&)	16	static
../../Middlewares/ST/touchgfx/framework/include/touchgfx/Drawable.hpp:490:18:virtual void touchgfx::Drawable::handleDragEvent(const touchgfx::DragEvent&)	16	static
../../Middlewares/ST/touchgfx/framework/include/touchgfx/Drawable.hpp:525:10:void touchgfx::Drawable::setTouchable(bool)	16	static
../../Middlewares/ST/touchgfx/framework/include/touchgfx/Drawable.hpp:588:18:virtual void touchgfx::Drawable::moveTo(int16_t, int16_t)	16	static
../../Middlewares/ST/touchgfx/framework/include/touchgfx/Application.hpp:187:10:void touchgfx::Application::registerTimerWidget(touchgfx::Drawable*)	16	static
../../Middlewares/ST/touchgfx/framework/include/touchgfx/Application.hpp:208:10:void touchgfx::Application::unregisterTimerWidget(const touchgfx::Drawable*)	16	static
../../Middlewares/ST/touchgfx/framework/include/touchgfx/containers/Container.hpp:165:23:virtual touchgfx::Drawable* touchgfx::Container::getFirstChild()	16	static
../../Middlewares/ST/touchgfx/framework/include/touchgfx/widgets/TextureMapper.hpp:202:18:virtual void touchgfx::TextureMapper::updateYAngle(float)	16	static
../../Middlewares/ST/touchgfx/framework/include/touchgfx/widgets/TextureMapper.hpp:216:18:virtual void touchgfx::TextureMapper::updateZAngle(float)	16	static
../../Middlewares/ST/touchgfx/framework/include/touchgfx/TypedText.hpp:59:5:touchgfx::TypedText::TypedText(touchgfx::TypedTextId)	16	static
../../Middlewares/ST/touchgfx/framework/include/touchgfx/TypedText.hpp:65:13:touchgfx::TypedText::~TypedText()	16	static
../../Middlewares/ST/touchgfx/framework/include/touchgfx/TypedText.hpp:65:13:virtual touchgfx::TypedText::~TypedText()	16	static
../../Middlewares/ST/touchgfx/framework/include/touchgfx/widgets/TextArea.hpp:89:18:virtual void touchgfx::TextArea::setAlpha(uint8_t)	16	static
../../Middlewares/ST/touchgfx/framework/include/touchgfx/widgets/TextArea.hpp:97:13:uint8_t touchgfx::TextArea::getAlpha() const	16	static
../../TouchGFX/generated/gui_generated/include/gui_generated/containers/animationButtonBase.hpp:37:18:virtual void animationButtonBase::emitButtonPressedCallback(bool)	16	static
../../TouchGFX/gui/include/gui/containers/animationButton.hpp:10:13:animationButton::~animationButton()	16	static
../../TouchGFX/gui/include/gui/containers/animationButton.hpp:10:13:virtual animationButton::~animationButton()	16	static
D:/APP/STM32CubeIDE_1.15.1/workspace/button/TouchGFX/gui/src/containers/animationButton.cpp:6:1:animationButton::animationButton()	16	static
D:/APP/STM32CubeIDE_1.15.1/workspace/button/TouchGFX/gui/src/containers/animationButton.cpp:14:6:virtual void animationButton::initialize()	16	static
D:/APP/STM32CubeIDE_1.15.1/workspace/button/TouchGFX/gui/src/containers/animationButton.cpp:20:6:virtual void animationButton::handleClickEvent(const touchgfx::ClickEvent&)	16	static
D:/APP/STM32CubeIDE_1.15.1/workspace/button/TouchGFX/gui/src/containers/animationButton.cpp:30:6:virtual void animationButton::handleTickEvent()	88	static
../../Middlewares/ST/touchgfx/framework/include/touchgfx/mixins/FadeAnimator.hpp:106:10:bool touchgfx::FadeAnimator<T>::isFadeAnimationRunning() const [with T = touchgfx::TextArea]	16	static
../../Middlewares/ST/touchgfx/framework/include/touchgfx/mixins/FadeAnimator.hpp:122:10:void touchgfx::FadeAnimator<T>::startFadeAnimation(uint8_t, uint16_t, touchgfx::EasingEquation) [with T = touchgfx::TextArea]	24	static
../../Middlewares/ST/touchgfx/framework/include/touchgfx/mixins/FadeAnimator.hpp:165:10:void touchgfx::FadeAnimator<T>::nextFadeAnimationStep() [with T = touchgfx::TextArea]	32	static
