../../Middlewares/ST/touchgfx/framework/include/mvp/Presenter.hpp:37:18:virtual void touchgfx::Presenter::activate()	16	static
../../Middlewares/ST/touchgfx/framework/include/mvp/Presenter.hpp:47:18:virtual void touchgfx::Presenter::deactivate()	16	static
../../Middlewares/ST/touchgfx/framework/include/mvp/Presenter.hpp:52:13:touchgfx::Presenter::~Presenter()	16	static
../../Middlewares/ST/touchgfx/framework/include/mvp/Presenter.hpp:52:13:virtual touchgfx::Presenter::~Presenter()	16	static
../../Middlewares/ST/touchgfx/framework/include/mvp/Presenter.hpp:58:5:touchgfx::Presenter::Presenter()	16	static
../../TouchGFX/gui/include/gui/model/ModelListener.hpp:9:5:ModelListener::ModelListener()	16	static
../../TouchGFX/gui/include/gui/model/ModelListener.hpp:11:13:ModelListener::~ModelListener()	16	static
../../TouchGFX/gui/include/gui/model/ModelListener.hpp:11:13:virtual ModelListener::~ModelListener()	16	static
../../TouchGFX/gui/include/gui/ecg_screen/ECGPresenter.hpp:28:13:ECGPresenter::~ECGPresenter()	16	static
../../TouchGFX/gui/include/gui/ecg_screen/ECGPresenter.hpp:28:13:virtual ECGPresenter::~ECGPresenter()	16	static
D:/APP/STM32CubeIDE_1.15.1/workspace/button/TouchGFX/gui/src/ecg_screen/ECGPresenter.cpp:4:1:ECGPresenter::ECGPresenter(ECGView&)	16	static
D:/APP/STM32CubeIDE_1.15.1/workspace/button/TouchGFX/gui/src/ecg_screen/ECGPresenter.cpp:10:6:virtual void ECGPresenter::activate()	16	static
D:/APP/STM32CubeIDE_1.15.1/workspace/button/TouchGFX/gui/src/ecg_screen/ECGPresenter.cpp:15:6:virtual void ECGPresenter::deactivate()	16	static
