../../Middlewares/ST/touchgfx/framework/include/touchgfx/Screen.hpp:104:18:virtual void touchgfx::Screen::afterTransition()	16	static
../../Middlewares/ST/touchgfx/framework/include/touchgfx/Screen.hpp:115:18:virtual void touchgfx::Screen::tearDownScreen()	16	static
../../Middlewares/ST/touchgfx/framework/include/touchgfx/Screen.hpp:154:18:virtual void touchgfx::Screen::handleKeyEvent(uint8_t)	16	static
../../TouchGFX/gui/include/gui/ecg_screen/ECGView.hpp:11:13:ECGView::~ECGView()	16	static
../../TouchGFX/gui/include/gui/ecg_screen/ECGView.hpp:11:13:virtual ECGView::~ECGView()	16	static
D:/APP/STM32CubeIDE_1.15.1/workspace/button/TouchGFX/gui/src/ecg_screen/ECGView.cpp:14:1:ECGView::ECGView()	16	static
D:/APP/STM32CubeIDE_1.15.1/workspace/button/TouchGFX/gui/src/ecg_screen/ECGView.cpp:20:6:virtual void ECGView::setupScreen()	16	static
D:/APP/STM32CubeIDE_1.15.1/workspace/button/TouchGFX/gui/src/ecg_screen/ECGView.cpp:27:6:virtual void ECGView::tearDownScreen()	16	static
D:/APP/STM32CubeIDE_1.15.1/workspace/button/TouchGFX/gui/src/ecg_screen/ECGView.cpp:37:6:virtual void ECGView::handleTickEvent()	56	static
