../../Middlewares/ST/touchgfx/framework/include/touchgfx/Font.hpp:169:13:touchgfx::Font::~Font()	16	static
../../Middlewares/ST/touchgfx/framework/include/touchgfx/Font.hpp:169:13:virtual touchgfx::Font::~Font()	16	static
../../Middlewares/ST/touchgfx/framework/include/touchgfx/ConstFont.hpp:35:7:touchgfx::ConstFont::~ConstFont()	16	static
../../Middlewares/ST/touchgfx/framework/include/touchgfx/ConstFont.hpp:35:7:virtual touchgfx::ConstFont::~ConstFont()	16	static
../../TouchGFX/generated/fonts/include/fonts/GeneratedFont.hpp:11:7:touchgfx::GeneratedFont::~GeneratedFont()	16	static
../../TouchGFX/generated/fonts/include/fonts/GeneratedFont.hpp:11:7:virtual touchgfx::GeneratedFont::~GeneratedFont()	16	static
D:/APP/STM32CubeIDE_1.15.1/workspace/button/TouchGFX/generated/fonts/src/Table_STXINWEI_TTF_55_4bpp.cpp:25:187:void __tcf_0()	8	static
D:/APP/STM32CubeIDE_1.15.1/workspace/button/TouchGFX/generated/fonts/src/Table_STXINWEI_TTF_55_4bpp.cpp:23:26:touchgfx::GeneratedFont& getFont_STXINWEI_TTF_55_4bpp()	64	static
